============================= test session starts =============================
platform win32 -- Python 3.12.11, pytest-9.0.2, pluggy-1.6.0 -- D:\Learning\RAG_KnowledgeBase\.venv\Scripts\python.exe
cachedir: .pytest_cache
rootdir: D:\Learning\RAG_KnowledgeBase
configfile: pyproject.toml
plugins: anyio-4.13.0, langsmith-0.7.24
collecting ... collected 2 items

Tests/Integration/test_history_persistence.py::test_history_persistence_across_invocations FAILED [ 50%]
Tests/Integration/test_history_persistence.py::test_sqlite_file_creation PASSED [100%]

================================== FAILURES ===================================
_________________ test_history_persistence_across_invocations _________________

mock_get_llm = <MagicMock name='get_llm' id='2633286945728'>
thread_config = {'configurable': {'thread_id': 'test_history_thread'}}

    @patch("Src.Utils.llm_utils.get_llm")
    def test_history_persistence_across_invocations(mock_get_llm, thread_config):
        # Setup mock LLM
        mock_llm = MagicMock()
        mock_get_llm.return_value = mock_llm
    
        # Mock responses for two turns
        res1_content = "Hello Gunjan! How can I help you today?"
        res2_content = "Your name is Gunjan."
    
        mock_llm.invoke.side_effect = [
            MagicMock(content=res1_content),
            MagicMock(content=res2_content)
        ]
    
        # --- TURN 1 ---
        input1 = {"query": "Hi, my name is Gunjan"}
>       output1 = app.invoke(input1, config=thread_config)
                  ^^^^^^^^^^^^^^^^^^^^^^^^^^^^^^^^^^^^^^^^

Tests\Integration\test_history_persistence.py:40: 
_ _ _ _ _ _ _ _ _ _ _ _ _ _ _ _ _ _ _ _ _ _ _ _ _ _ _ _ _ _ _ _ _ _ _ _ _ _ _ _
.venv\Lib\site-packages\langgraph\pregel\main.py:3296: in invoke
    for chunk in self.stream(
.venv\Lib\site-packages\langgraph\pregel\main.py:2663: in stream
    with SyncPregelLoop(
.venv\Lib\site-packages\langgraph\pregel\_loop.py:1213: in __exit__
    return self.stack.__exit__(exc_type, exc_value, traceback)
           ^^^^^^^^^^^^^^^^^^^^^^^^^^^^^^^^^^^^^^^^^^^^^^^^^^^
C:\Users\tailo\AppData\Roaming\uv\python\cpython-3.12.11-windows-x86_64-none\Lib\contextlib.py:610: in __exit__
    raise exc_details[1]
C:\Users\tailo\AppData\Roaming\uv\python\cpython-3.12.11-windows-x86_64-none\Lib\contextlib.py:595: in __exit__
    if cb(*exc_details):
       ^^^^^^^^^^^^^^^^
.venv\Lib\site-packages\langgraph\pregel\_executor.py:117: in __exit__
    task.result()
C:\Users\tailo\AppData\Roaming\uv\python\cpython-3.12.11-windows-x86_64-none\Lib\concurrent\futures\_base.py:449: in result
    return self.__get_result()
           ^^^^^^^^^^^^^^^^^^^
C:\Users\tailo\AppData\Roaming\uv\python\cpython-3.12.11-windows-x86_64-none\Lib\concurrent\futures\_base.py:401: in __get_result
    raise self._exception
.venv\Lib\site-packages\langgraph\pregel\_executor.py:80: in done
    task.result()
C:\Users\tailo\AppData\Roaming\uv\python\cpython-3.12.11-windows-x86_64-none\Lib\concurrent\futures\_base.py:449: in result
    return self.__get_result()
           ^^^^^^^^^^^^^^^^^^^
C:\Users\tailo\AppData\Roaming\uv\python\cpython-3.12.11-windows-x86_64-none\Lib\concurrent\futures\_base.py:401: in __get_result
    raise self._exception
C:\Users\tailo\AppData\Roaming\uv\python\cpython-3.12.11-windows-x86_64-none\Lib\concurrent\futures\thread.py:59: in run
    result = self.fn(*self.args, **self.kwargs)
             ^^^^^^^^^^^^^^^^^^^^^^^^^^^^^^^^^^
.venv\Lib\site-packages\langgraph\checkpoint\sqlite\__init__.py:471: in put_writes
    *self.serde.dumps_typed(value),
     ^^^^^^^^^^^^^^^^^^^^^^^^^^^^^
.venv\Lib\site-packages\langgraph\checkpoint\serde\jsonplus.py:241: in dumps_typed
    raise exc
.venv\Lib\site-packages\langgraph\checkpoint\serde\jsonplus.py:237: in dumps_typed
    return "msgpack", _msgpack_enc(obj)
                      ^^^^^^^^^^^^^^^^^
_ _ _ _ _ _ _ _ _ _ _ _ _ _ _ _ _ _ _ _ _ _ _ _ _ _ _ _ _ _ _ _ _ _ _ _ _ _ _ _

data = <MagicMock name='get_llm()().content' id='2633286956432'>

    def _msgpack_enc(data: Any) -> bytes:
>       return ormsgpack.packb(data, default=_msgpack_default, option=_option)
               ^^^^^^^^^^^^^^^^^^^^^^^^^^^^^^^^^^^^^^^^^^^^^^^^^^^^^^^^^^^^^^^
E       TypeError: Type is not msgpack serializable: MagicMock

.venv\Lib\site-packages\langgraph\checkpoint\serde\jsonplus.py:804: TypeError
=========================== short test summary info ===========================
FAILED Tests/Integration/test_history_persistence.py::test_history_persistence_across_invocations - TypeError: Type is not msgpack serializable: MagicMock
======================== 1 failed, 1 passed in 13.77s =========================
